[nsevindi87.github.io/multipage-website/index.html]
[nsevindi87.github.io/multipage-website/style.css]
[backblue.gif]
[fade.gif]
[index.html]
[cdnjs.cloudflare.com/ajax/libs/font-awesome/6.1.1/css/all.min.css]
[nsevindi87.github.io/multipage-website/image/pngegg.png]
[nsevindi87.github.io/multipage-website/about.html]
[nsevindi87.github.io/multipage-website/menu.html]
[nsevindi87.github.io/multipage-website/products.html]
[nsevindi87.github.io/multipage-website/review.html]
[nsevindi87.github.io/multipage-website/contact.html]
[nsevindi87.github.io/multipage-website/blog.html]
[nsevindi87.github.io/multipage-website/image/pngwing.com (1).png]
[nsevindi87.github.io/multipage-website/image/pngwing.com (2).png]
[nsevindi87.github.io/multipage-website/image/pngwing.com (3).png]
[nsevindi87.github.io/multipage-website/image/pngwing.com (4).png]
[nsevindi87.github.io/multipage-website/image/pngwing.com.png]
[nsevindi87.github.io/multipage-website/image/pngwing.com (6).png]
[nsevindi87.github.io/multipage-website/image/pngwing.com (5).png]
[nsevindi87.github.io/multipage-website/image/pngwing.com (7).png]
[nsevindi87.github.io/multipage-website/image/pngwing.com (8).png]
[nsevindi87.github.io/multipage-website/image/pngwing.com (9).png]
[nsevindi87.github.io/multipage-website/image/pngwing.com (10).png]
[nsevindi87.github.io/multipage-website/image/pngwing.com (11).png]
[nsevindi87.github.io/multipage-website/image/delicious-burger-on-wooden-board-2022-03-04-05-58-25-utc.jpg]
[nsevindi87.github.io/multipage-website/image/delicious-tasty-burgers-on-wooden-background-2021-08-26-15-25-13-utc.jpg]
[nsevindi87.github.io/multipage-website/image/handmade-burger-on-dark-background-delicious-blac-2021-10-21-02-27-27-utc.jpg]
[nsevindi87.github.io/multipage-website/script.js]
[nsevindi87.github.io/multipage-website/index.html]
[nsevindi87.github.io/multipage-website/image/pizza-with-turkey-bacon-orange-and-cashew-nuts-2022-03-29-07-33-54-utc.jpg]
[nsevindi87.github.io/multipage-website/style.css]
[cdnjs.cloudflare.com/ajax/libs/font-awesome/6.1.1/css/all.min.css]
[nsevindi87.github.io/multipage-website/about.html]
[nsevindi87.github.io/multipage-website/menu.html]
[nsevindi87.github.io/multipage-website/products.html]
[nsevindi87.github.io/multipage-website/review.html]
[nsevindi87.github.io/multipage-website/contact.html]
[nsevindi87.github.io/multipage-website/blog.html]
